---
http_interactions:
- request:
    method: get
    uri: https://api.contentful.com/spaces/v2umtz8ths9v
    body:
      encoding: US-ASCII
      string: ''
    headers:
      User-Agent:
      - RubyContenfulManagementGem/0.1.0
      Authorization:
      - Bearer <ACCESS_TOKEN>
      Content-Type:
      - application/vnd.contentful.management.v1+json
      Content-Length:
      - '0'
      Host:
      - api.contentful.com
  response:
    status:
      code: 200
      message: OK
    headers:
      "^access-Control-Expose-Headers":
      - Etag
      Accept-Ranges:
      - bytes
      Access-Control-Allow-Headers:
      - Accept,Accept-Language,Authorization,Cache-Control,Content-Length,Content-Range,Content-Type,DNT,Destination,Expires,If-Match,If-Modified-Since,If-None-Match,Keep-Alive,Last-Modified,Origin,Pragma,Range,User-Agent,X-Http-Method-Override,X-Mx-ReqToken,X-Requested-With,X-Contentful-Version,X-Contentful-Content-Type,X-Contentful-Organization
      Access-Control-Allow-Methods:
      - DELETE,GET,HEAD,POST,PUT,OPTIONS
      Access-Control-Allow-Origin:
      - "*"
      Access-Control-Max-Age:
      - '1728000'
      Cache-Control:
      - max-age=0
      Content-Type:
      - application/vnd.contentful.management.v1+json
      Date:
      - Fri, 05 Sep 2014 12:12:58 GMT
      Etag:
      - '"35407b8a88882fe5717a4701910f6ce7"'
      Server:
      - nginx
      Status:
      - 200 OK
      X-Contentful-Request-Id:
      - f1c-1376769168
      Content-Length:
      - '459'
      Connection:
      - keep-alive
    body:
      encoding: UTF-8
      string: |
        {
          "sys":{
            "type":"Space",
            "id":"v2umtz8ths9v",
            "version":1,
            "createdBy":{
              "sys":{
                "type":"Link",
                "linkType":"User",
                "id":"1E7acJL8I5XUXAMHQt9Grs"
              }
            },
            "createdAt":"2014-08-21T13:32:11Z",
            "updatedBy":{
              "sys":{
                "type":"Link",
                "linkType":"User",
                "id":"1E7acJL8I5XUXAMHQt9Grs"
              }
            },
            "updatedAt":"2014-08-21T13:32:12Z"
          },
          "name":"CMA Demo Rails App"}
    http_version: 
  recorded_at: Fri, 05 Sep 2014 12:13:30 GMT
- request:
    method: get
    uri: https://api.contentful.com/spaces/v2umtz8ths9v/content_types
    body:
      encoding: US-ASCII
      string: ''
    headers:
      User-Agent:
      - RubyContenfulManagementGem/0.1.0
      Authorization:
      - Bearer <ACCESS_TOKEN>
      Content-Type:
      - application/vnd.contentful.management.v1+json
      Content-Length:
      - '0'
      Host:
      - api.contentful.com
  response:
    status:
      code: 200
      message: OK
    headers:
      "^access-Control-Expose-Headers":
      - Etag
      Access-Control-Allow-Headers:
      - Accept,Accept-Language,Authorization,Cache-Control,Content-Length,Content-Range,Content-Type,DNT,Destination,Expires,If-Match,If-Modified-Since,If-None-Match,Keep-Alive,Last-Modified,Origin,Pragma,Range,User-Agent,X-Http-Method-Override,X-Mx-ReqToken,X-Requested-With,X-Contentful-Version,X-Contentful-Content-Type,X-Contentful-Organization
      Access-Control-Allow-Methods:
      - DELETE,GET,HEAD,POST,PUT,OPTIONS
      Access-Control-Allow-Origin:
      - "*"
      Access-Control-Max-Age:
      - '1728000'
      Cf-Space-Id:
      - v2umtz8ths9v
      Content-Type:
      - application/vnd.contentful.management.v1+json
      Date:
      - Fri, 05 Sep 2014 12:12:59 GMT
      Etag:
      - '"2a8abfd957b4ad9b6b47f853bd58078a"'
      Server:
      - nginx
      X-Powered-By:
      - Express
      Content-Length:
      - '5193'
      Connection:
      - keep-alive
    body:
      encoding: UTF-8
      string: |
        {
          "sys": {
            "type": "Array"
          },
          "total": 3,
          "skip": 0,
          "limit": 100,
          "items": [
            {
              "fields": [
                {
                  "name": "testowe",
                  "id": "testowe",
                  "type": "Link",
                  "uiid": "3q907mcb4lc",
                  "linkType": "Asset",
                  "required": true,
                  "localized": true
                }
              ],
              "name": "test",
              "sys": {
                "id": "26eLfV14SIOeQkse44q4sw",
                "type": "ContentType",
                "createdAt": "2014-08-22T12:57:43.618Z",
                "createdBy": {
                  "sys": {
                    "type": "Link",
                    "linkType": "User",
                    "id": "1E7acJL8I5XUXAMHQt9Grs"
                  }
                },
                "space": {
                  "sys": {
                    "type": "Link",
                    "linkType": "Space",
                    "id": "v2umtz8ths9v"
                  }
                },
                "firstPublishedAt": "2014-08-22T12:57:53.093Z",
                "publishedCounter": 2,
                "publishedAt": "2014-08-22T12:57:58.628Z",
                "publishedBy": {
                  "sys": {
                    "type": "Link",
                    "linkType": "User",
                    "id": "1E7acJL8I5XUXAMHQt9Grs"
                  }
                },
                "publishedVersion": 13,
                "version": 14,
                "updatedAt": "2014-08-22T12:57:58.633Z",
                "updatedBy": {
                  "sys": {
                    "type": "Link",
                    "linkType": "User",
                    "id": "1E7acJL8I5XUXAMHQt9Grs"
                  }
                }
              }
            },
            {
              "displayField": "title",
              "name": "Post",
              "description": "",
              "fields": [
                {
                  "id": "title",
                  "name": "Title",
                  "type": "Text",
                  "localized": true,
                  "uiid": "2sdir2f8kcg"
                },
                {
                  "id": "author",
                  "name": "Author",
                  "type": "Text",
                  "localized": true,
                  "uiid": "4x1018907pc"
                },
                {
                  "id": "body",
                  "name": "Body",
                  "type": "Text",
                  "localized": true,
                  "uiid": "4hj7cda89hc"
                },
                {
                  "id": "title_image",
                  "name": "Title Image",
                  "type": "Link",
                  "linkType": "Asset",
                  "required": true,
                  "localized": true,
                  "uiid": "4gcqrcma8lc"
                },
                {
                  "id": "second_image",
                  "name": "Second Image",
                  "type": "Link",
                  "linkType": "Asset",
                  "localized": true,
                  "uiid": "40440elrugw"
                },
                {
                  "id": "category",
                  "name": "Category",
                  "type": "Link",
                  "linkType": "Entry",
                  "uiid": "49vicjvqsxs",
                  "localized": true
                }
              ],
              "sys": {
                "id": "post_content_type",
                "type": "ContentType",
                "createdAt": "2014-08-21T13:32:30.401Z",
                "createdBy": {
                  "sys": {
                    "type": "Link",
                    "linkType": "User",
                    "id": "1E7acJL8I5XUXAMHQt9Grs"
                  }
                },
                "space": {
                  "sys": {
                    "type": "Link",
                    "linkType": "Space",
                    "id": "v2umtz8ths9v"
                  }
                },
                "firstPublishedAt": "2014-08-21T13:32:43.385Z",
                "publishedCounter": 2,
                "publishedAt": "2014-08-27T09:18:36.995Z",
                "publishedBy": {
                  "sys": {
                    "type": "Link",
                    "linkType": "User",
                    "id": "1E7acJL8I5XUXAMHQt9Grs"
                  }
                },
                "publishedVersion": 11,
                "version": 12,
                "updatedAt": "2014-08-27T09:18:37.003Z",
                "updatedBy": {
                  "sys": {
                    "type": "Link",
                    "linkType": "User",
                    "id": "1E7acJL8I5XUXAMHQt9Grs"
                  }
                }
              }
            },
            {
              "displayField": "name",
              "name": "Category",
              "description": "",
              "fields": [
                {
                  "id": "name",
                  "name": "Name",
                  "type": "Text",
                  "localized": true,
                  "uiid": "3ic0t3qi51c"
                },
                {
                  "id": "description",
                  "name": "Description",
                  "type": "Text",
                  "localized": false,
                  "uiid": "38xiq8fobnk"
                }
              ],
              "sys": {
                "id": "category_content_type",
                "type": "ContentType",
                "createdAt": "2014-08-21T13:32:20.955Z",
                "createdBy": {
                  "sys": {
                    "type": "Link",
                    "linkType": "User",
                    "id": "1E7acJL8I5XUXAMHQt9Grs"
                  }
                },
                "space": {
                  "sys": {
                    "type": "Link",
                    "linkType": "Space",
                    "id": "v2umtz8ths9v"
                  }
                },
                "firstPublishedAt": "2014-08-21T13:32:27.109Z",
                "publishedCounter": 8,
                "publishedAt": "2014-09-04T18:02:17.407Z",
                "publishedBy": {
                  "sys": {
                    "type": "Link",
                    "linkType": "User",
                    "id": "1E7acJL8I5XUXAMHQt9Grs"
                  }
                },
                "publishedVersion": 31,
                "version": 32,
                "updatedAt": "2014-09-04T18:02:17.415Z",
                "updatedBy": {
                  "sys": {
                    "type": "Link",
                    "linkType": "User",
                    "id": "1E7acJL8I5XUXAMHQt9Grs"
                  }
                }
              }
            }
          ]
        }
    http_version: 
  recorded_at: Fri, 05 Sep 2014 12:13:30 GMT
- request:
    method: get
    uri: https://api.contentful.com/spaces/v2umtz8ths9v/entries/4Pd4NpuW1q4GI4qWacamIO
    body:
      encoding: US-ASCII
      string: ''
    headers:
      User-Agent:
      - RubyContenfulManagementGem/0.1.0
      Authorization:
      - Bearer <ACCESS_TOKEN>
      Content-Type:
      - application/vnd.contentful.management.v1+json
      Content-Length:
      - '0'
      Host:
      - api.contentful.com
  response:
    status:
      code: 200
      message: OK
    headers:
      "^access-Control-Expose-Headers":
      - Etag
      Access-Control-Allow-Headers:
      - Accept,Accept-Language,Authorization,Cache-Control,Content-Length,Content-Range,Content-Type,DNT,Destination,Expires,If-Match,If-Modified-Since,If-None-Match,Keep-Alive,Last-Modified,Origin,Pragma,Range,User-Agent,X-Http-Method-Override,X-Mx-ReqToken,X-Requested-With,X-Contentful-Version,X-Contentful-Content-Type,X-Contentful-Organization
      Access-Control-Allow-Methods:
      - DELETE,GET,HEAD,POST,PUT,OPTIONS
      Access-Control-Allow-Origin:
      - "*"
      Access-Control-Max-Age:
      - '1728000'
      Cf-Space-Id:
      - v2umtz8ths9v
      Content-Type:
      - application/vnd.contentful.management.v1+json
      Date:
      - Fri, 05 Sep 2014 12:12:59 GMT
      Etag:
      - '"80633bacf90d686a7683c4bfc218890d"'
      Server:
      - nginx
      X-Powered-By:
      - Express
      Content-Length:
      - '870'
      Connection:
      - keep-alive
    body:
      encoding: UTF-8
      string: |
        {
          "fields": {
            "title": {},
            "author": {},
            "body": {},
            "title_image": {},
            "second_image": {},
            "category": {}
          },
          "sys": {
            "id": "4Pd4NpuW1q4GI4qWacamIO",
            "type": "Entry",
            "createdAt": "2014-09-05T11:44:18.737Z",
            "createdBy": {
              "sys": {
                "type": "Link",
                "linkType": "User",
                "id": "1E7acJL8I5XUXAMHQt9Grs"
              }
            },
            "space": {
              "sys": {
                "type": "Link",
                "linkType": "Space",
                "id": "v2umtz8ths9v"
              }
            },
            "contentType": {
              "sys": {
                "type": "Link",
                "linkType": "ContentType",
                "id": "post_content_type"
              }
            },
            "version": 1,
            "updatedAt": "2014-09-05T11:44:18.738Z",
            "updatedBy": {
              "sys": {
                "type": "Link",
                "linkType": "User",
                "id": "1E7acJL8I5XUXAMHQt9Grs"
              }
            }
          }
        }
    http_version: 
  recorded_at: Fri, 05 Sep 2014 12:13:31 GMT
- request:
    method: get
    uri: https://api.contentful.com/spaces/v2umtz8ths9v/content_types/post_content_type
    body:
      encoding: US-ASCII
      string: ''
    headers:
      User-Agent:
      - RubyContenfulManagementGem/0.1.0
      Authorization:
      - Bearer <ACCESS_TOKEN>
      Content-Type:
      - application/vnd.contentful.management.v1+json
      Content-Length:
      - '0'
      Host:
      - api.contentful.com
  response:
    status:
      code: 200
      message: OK
    headers:
      "^access-Control-Expose-Headers":
      - Etag
      Access-Control-Allow-Headers:
      - Accept,Accept-Language,Authorization,Cache-Control,Content-Length,Content-Range,Content-Type,DNT,Destination,Expires,If-Match,If-Modified-Since,If-None-Match,Keep-Alive,Last-Modified,Origin,Pragma,Range,User-Agent,X-Http-Method-Override,X-Mx-ReqToken,X-Requested-With,X-Contentful-Version,X-Contentful-Content-Type,X-Contentful-Organization
      Access-Control-Allow-Methods:
      - DELETE,GET,HEAD,POST,PUT,OPTIONS
      Access-Control-Allow-Origin:
      - "*"
      Access-Control-Max-Age:
      - '1728000'
      Cf-Space-Id:
      - v2umtz8ths9v
      Content-Type:
      - application/vnd.contentful.management.v1+json
      Date:
      - Fri, 05 Sep 2014 12:13:00 GMT
      Etag:
      - '"00bbe1be51263a5c25e4459a8f1cda3c"'
      Server:
      - nginx
      X-Powered-By:
      - Express
      Content-Length:
      - '1901'
      Connection:
      - keep-alive
    body:
      encoding: UTF-8
      string: |
        {
          "displayField": "title",
          "name": "Post",
          "description": "",
          "fields": [
            {
              "id": "title",
              "name": "Title",
              "type": "Text",
              "localized": true,
              "uiid": "2sdir2f8kcg"
            },
            {
              "id": "author",
              "name": "Author",
              "type": "Text",
              "localized": true,
              "uiid": "4x1018907pc"
            },
            {
              "id": "body",
              "name": "Body",
              "type": "Text",
              "localized": true,
              "uiid": "4hj7cda89hc"
            },
            {
              "id": "title_image",
              "name": "Title Image",
              "type": "Link",
              "linkType": "Asset",
              "required": true,
              "localized": true,
              "uiid": "4gcqrcma8lc"
            },
            {
              "id": "second_image",
              "name": "Second Image",
              "type": "Link",
              "linkType": "Asset",
              "localized": true,
              "uiid": "40440elrugw"
            },
            {
              "id": "category",
              "name": "Category",
              "type": "Link",
              "linkType": "Entry",
              "uiid": "49vicjvqsxs",
              "localized": true
            }
          ],
          "sys": {
            "id": "post_content_type",
            "type": "ContentType",
            "createdAt": "2014-08-21T13:32:30.401Z",
            "createdBy": {
              "sys": {
                "type": "Link",
                "linkType": "User",
                "id": "1E7acJL8I5XUXAMHQt9Grs"
              }
            },
            "space": {
              "sys": {
                "type": "Link",
                "linkType": "Space",
                "id": "v2umtz8ths9v"
              }
            },
            "firstPublishedAt": "2014-08-21T13:32:43.385Z",
            "publishedCounter": 2,
            "publishedAt": "2014-08-27T09:18:36.995Z",
            "publishedBy": {
              "sys": {
                "type": "Link",
                "linkType": "User",
                "id": "1E7acJL8I5XUXAMHQt9Grs"
              }
            },
            "publishedVersion": 11,
            "version": 12,
            "updatedAt": "2014-08-27T09:18:37.003Z",
            "updatedBy": {
              "sys": {
                "type": "Link",
                "linkType": "User",
                "id": "1E7acJL8I5XUXAMHQt9Grs"
              }
            }
          }
        }
    http_version: 
  recorded_at: Fri, 05 Sep 2014 12:13:31 GMT
- request:
    method: get
    uri: https://api.contentful.com/spaces/v2umtz8ths9v/locales
    body:
      encoding: US-ASCII
      string: ''
    headers:
      User-Agent:
      - RubyContenfulManagementGem/0.1.0
      Authorization:
      - Bearer <ACCESS_TOKEN>
      Content-Type:
      - application/vnd.contentful.management.v1+json
      Content-Length:
      - '0'
      Host:
      - api.contentful.com
  response:
    status:
      code: 200
      message: OK
    headers:
      "^access-Control-Expose-Headers":
      - Etag
      Accept-Ranges:
      - bytes
      Access-Control-Allow-Headers:
      - Accept,Accept-Language,Authorization,Cache-Control,Content-Length,Content-Range,Content-Type,DNT,Destination,Expires,If-Match,If-Modified-Since,If-None-Match,Keep-Alive,Last-Modified,Origin,Pragma,Range,User-Agent,X-Http-Method-Override,X-Mx-ReqToken,X-Requested-With,X-Contentful-Version,X-Contentful-Content-Type,X-Contentful-Organization
      Access-Control-Allow-Methods:
      - DELETE,GET,HEAD,POST,PUT,OPTIONS
      Access-Control-Allow-Origin:
      - "*"
      Access-Control-Max-Age:
      - '1728000'
      Cache-Control:
      - max-age=0
      Content-Type:
      - application/vnd.contentful.management.v1+json
      Date:
      - Fri, 05 Sep 2014 12:13:00 GMT
      Etag:
      - '"30e7a28ed3dbfc3b90bc324b03fb16a8"'
      Server:
      - nginx
      Status:
      - 200 OK
      X-Contentful-Request-Id:
      - 71a-914510278
      Content-Length:
      - '2619'
      Connection:
      - keep-alive
    body:
      encoding: UTF-8
      string: |
        {
          "sys":{
            "type":"Array"
          },
          "items":[
            {
              "sys":{
                "type":"Locale",
                "id":"3KpVOfIfikrLpwqCa49ami",
                "version":0,
                "space":{
                  "sys":{
                    "type":"Link",
                    "linkType":"Space",
                    "id":"v2umtz8ths9v"
                  }
                },
                "createdBy":{
                  "sys":{
                    "type":"Link",
                    "linkType":"User",
                    "id":"1E7acJL8I5XUXAMHQt9Grs"
                  }
                },
                "createdAt":"2014-08-21T13:32:12Z",
                "updatedBy":{
                  "sys":{
                    "type":"Link",
                    "linkType":"User",
                    "id":"1E7acJL8I5XUXAMHQt9Grs"
                  }
                },
                "updatedAt":"2014-08-21T13:32:12Z"
              },
              "name":"U.S. English",
              "code":"en-US",
              "default":true,
              "contentManagementApi":true,
              "publish":true,
              "contentDeliveryApi":true
            },
            {
              "sys":{
                "type":"Locale",
                "id":"3PFj46pytOXQnNSEzqNsaO",
                "version":0,
                "space":{
                  "sys":{
                    "type":"Link",
                    "linkType":"Space",
                    "id":"v2umtz8ths9v"
                  }
                },
                "createdBy":{
                  "sys":{
                    "type":"Link",
                    "linkType":"User",
                    "id":"1E7acJL8I5XUXAMHQt9Grs"
                  }
                },
                "createdAt":"2014-08-21T13:32:16Z",
                "updatedBy":{
                  "sys":{
                    "type":"Link",
                    "linkType":"User",
                    "id":"1E7acJL8I5XUXAMHQt9Grs"
                  }
                },
                "updatedAt":"2014-08-21T13:32:16Z"
              },
              "name":"German",
              "code":"de-DE",
              "default":false,
              "contentManagementApi":true,
              "publish":true,
              "contentDeliveryApi":true
            },
            {
              "sys":{
                "type":"Locale",
                "id":"3RN3vNgufcurpT9L5o8PBA",
                "version":0,
                "space":{
                  "sys":{
                    "type":"Link",
                    "linkType":"Space",
                    "id":"v2umtz8ths9v"
                  }
                },
                "createdBy":{
                  "sys":{
                    "type":"Link",
                    "linkType":"User",
                    "id":"1E7acJL8I5XUXAMHQt9Grs"
                  }
                },
                "createdAt":"2014-08-21T13:32:18Z",
                "updatedBy":{
                  "sys":{
                    "type":"Link",
                    "linkType":"User",
                    "id":"1E7acJL8I5XUXAMHQt9Grs"
                  }
                },
                "updatedAt":"2014-08-21T13:32:18Z"
              },
              "name":"Polish",
              "code":"pl-PL",
              "default":false,
              "contentManagementApi":true,
              "publish":true,
              "contentDeliveryApi":true
            }
          ],
          "total":3,
          "limit":25,
          "skip":0}
    http_version: 
  recorded_at: Fri, 05 Sep 2014 12:13:32 GMT
- request:
    method: get
    uri: https://api.contentful.com/spaces/v2umtz8ths9v/assets/4teeyoy7SUMgmGaiG0YiYW
    body:
      encoding: US-ASCII
      string: ''
    headers:
      User-Agent:
      - RubyContenfulManagementGem/0.1.0
      Authorization:
      - Bearer <ACCESS_TOKEN>
      Content-Type:
      - application/vnd.contentful.management.v1+json
      Content-Length:
      - '0'
      Host:
      - api.contentful.com
  response:
    status:
      code: 200
      message: OK
    headers:
      "^access-Control-Expose-Headers":
      - Etag
      Access-Control-Allow-Headers:
      - Accept,Accept-Language,Authorization,Cache-Control,Content-Length,Content-Range,Content-Type,DNT,Destination,Expires,If-Match,If-Modified-Since,If-None-Match,Keep-Alive,Last-Modified,Origin,Pragma,Range,User-Agent,X-Http-Method-Override,X-Mx-ReqToken,X-Requested-With,X-Contentful-Version,X-Contentful-Content-Type,X-Contentful-Organization
      Access-Control-Allow-Methods:
      - DELETE,GET,HEAD,POST,PUT,OPTIONS
      Access-Control-Allow-Origin:
      - "*"
      Access-Control-Max-Age:
      - '1728000'
      Cf-Space-Id:
      - v2umtz8ths9v
      Content-Type:
      - application/vnd.contentful.management.v1+json
      Date:
      - Fri, 05 Sep 2014 12:13:01 GMT
      Etag:
      - '"8f22cfaab221cef280d5b9d83513655c"'
      Server:
      - nginx
      X-Powered-By:
      - Express
      Content-Length:
      - '1388'
      Connection:
      - keep-alive
    body:
      encoding: UTF-8
      string: |
        {
          "fields": {
            "title": {
              "en-US": "Healthyxxx testing",
              "de-DE": "",
              "pl-PL": ""
            },
            "description": {
              "en-US": "some desc",
              "de-DE": "",
              "pl-PL": ""
            },
            "file": {
              "en-US": {
                "contentType": "image/jpg",
                "fileName": "Healthyxxx testing",
                "details": {
                  "image": {
                    "width": 608,
                    "height": 416
                  },
                  "size": 35421
                },
                "url": "//images.contentful.com/v2umtz8ths9v/4teeyoy7SUMgmGaiG0YiYW/3bfd8a1b318c2d9fe727e430bc957380/Healthyxxx_testing"
              },
              "de-DE": {
                "contentType": "",
                "fileName": "",
                "upload": ""
              },
              "pl-PL": {
                "contentType": "",
                "fileName": "",
                "upload": ""
              }
            }
          },
          "sys": {
            "id": "4teeyoy7SUMgmGaiG0YiYW",
            "type": "Asset",
            "createdAt": "2014-09-05T12:02:09.200Z",
            "createdBy": {
              "sys": {
                "type": "Link",
                "linkType": "User",
                "id": "1E7acJL8I5XUXAMHQt9Grs"
              }
            },
            "space": {
              "sys": {
                "type": "Link",
                "linkType": "Space",
                "id": "v2umtz8ths9v"
              }
            },
            "version": 2,
            "updatedAt": "2014-09-05T12:02:10.746Z",
            "updatedBy": {
              "sys": {
                "type": "Link",
                "linkType": "User",
                "id": "1E7acJL8I5XUXAMHQt9Grs"
              }
            }
          }
        }
    http_version: 
  recorded_at: Fri, 05 Sep 2014 12:13:32 GMT
- request:
    method: get
    uri: https://api.contentful.com/spaces/v2umtz8ths9v/assets/2clOr9mxFGUIoOm0i6UeiA
    body:
      encoding: US-ASCII
      string: ''
    headers:
      User-Agent:
      - RubyContenfulManagementGem/0.1.0
      Authorization:
      - Bearer <ACCESS_TOKEN>
      Content-Type:
      - application/vnd.contentful.management.v1+json
      Content-Length:
      - '0'
      Host:
      - api.contentful.com
  response:
    status:
      code: 200
      message: OK
    headers:
      "^access-Control-Expose-Headers":
      - Etag
      Access-Control-Allow-Headers:
      - Accept,Accept-Language,Authorization,Cache-Control,Content-Length,Content-Range,Content-Type,DNT,Destination,Expires,If-Match,If-Modified-Since,If-None-Match,Keep-Alive,Last-Modified,Origin,Pragma,Range,User-Agent,X-Http-Method-Override,X-Mx-ReqToken,X-Requested-With,X-Contentful-Version,X-Contentful-Content-Type,X-Contentful-Organization
      Access-Control-Allow-Methods:
      - DELETE,GET,HEAD,POST,PUT,OPTIONS
      Access-Control-Allow-Origin:
      - "*"
      Access-Control-Max-Age:
      - '1728000'
      Cf-Space-Id:
      - v2umtz8ths9v
      Content-Type:
      - application/vnd.contentful.management.v1+json
      Date:
      - Fri, 05 Sep 2014 12:13:01 GMT
      Etag:
      - '"901f896a255b14a3db9d055b7f19e28d"'
      Server:
      - nginx
      X-Powered-By:
      - Express
      Content-Length:
      - '1771'
      Connection:
      - keep-alive
    body:
      encoding: UTF-8
      string: |
        {
          "fields": {
            "title": {
              "en-US": "xxxHealthy1",
              "de-DE": "xdede1",
              "pl-PL": "pl pl1"
            },
            "description": {
              "en-US": "some desc1",
              "de-DE": "desc de1",
              "pl-PL": "1desc pl 1"
            },
            "file": {
              "en-US": {
                "fileName": "health_Archives_-_Life_Inspiration_Today",
                "contentType": "image/jpeg",
                "details": {
                  "image": {
                    "width": 3872,
                    "height": 2592
                  },
                  "size": 232438
                },
                "url": "//images.contentful.com/v2umtz8ths9v/2clOr9mxFGUIoOm0i6UeiA/716b030e7ab0aab68d2867a792883fdb/Health.jpg"
              },
              "de-DE": {
                "fileName": "",
                "contentType": "",
                "details": null,
                "url": ""
              },
              "pl-PL": {
                "fileName": "",
                "contentType": "",
                "details": null,
                "url": ""
              }
            }
          },
          "sys": {
            "id": "2clOr9mxFGUIoOm0i6UeiA",
            "type": "Asset",
            "createdAt": "2014-08-22T13:04:27.434Z",
            "createdBy": {
              "sys": {
                "type": "Link",
                "linkType": "User",
                "id": "1E7acJL8I5XUXAMHQt9Grs"
              }
            },
            "space": {
              "sys": {
                "type": "Link",
                "linkType": "Space",
                "id": "v2umtz8ths9v"
              }
            },
            "firstPublishedAt": "2014-08-22T13:05:10.559Z",
            "publishedCounter": 1,
            "publishedAt": "2014-08-22T13:05:10.559Z",
            "publishedBy": {
              "sys": {
                "type": "Link",
                "linkType": "User",
                "id": "1E7acJL8I5XUXAMHQt9Grs"
              }
            },
            "publishedVersion": 16,
            "version": 22,
            "updatedAt": "2014-09-04T09:01:31.565Z",
            "updatedBy": {
              "sys": {
                "type": "Link",
                "linkType": "User",
                "id": "1E7acJL8I5XUXAMHQt9Grs"
              }
            }
          }
        }
    http_version: 
  recorded_at: Fri, 05 Sep 2014 12:13:33 GMT
- request:
    method: put
    uri: https://api.contentful.com/spaces/v2umtz8ths9v/entries/4Pd4NpuW1q4GI4qWacamIO
    body:
      encoding: UTF-8
      string: '{"fields":{"title":{"en-US":"Sports"},"author":{"en-US":"P. Protas"},"body":{"en-US":"body
        update"},"title_image":{"en-US":{"sys":{"type":"Link","linkType":"Asset","id":"4teeyoy7SUMgmGaiG0YiYW"}}},"second_image":{"en-US":{"sys":{"type":"Link","linkType":"Asset","id":"2clOr9mxFGUIoOm0i6UeiA"}}},"category":{}}}'
    headers:
      User-Agent:
      - RubyContenfulManagementGem/0.1.0
      Authorization:
      - Bearer <ACCESS_TOKEN>
      Content-Type:
      - application/vnd.contentful.management.v1+json
      X-Contentful-Version:
      - '1'
      Host:
      - api.contentful.com
  response:
    status:
      code: 200
      message: OK
    headers:
      "^access-Control-Expose-Headers":
      - Etag
      Access-Control-Allow-Headers:
      - Accept,Accept-Language,Authorization,Cache-Control,Content-Length,Content-Range,Content-Type,DNT,Destination,Expires,If-Match,If-Modified-Since,If-None-Match,Keep-Alive,Last-Modified,Origin,Pragma,Range,User-Agent,X-Http-Method-Override,X-Mx-ReqToken,X-Requested-With,X-Contentful-Version,X-Contentful-Content-Type,X-Contentful-Organization
      Access-Control-Allow-Methods:
      - DELETE,GET,HEAD,POST,PUT,OPTIONS
      Access-Control-Allow-Origin:
      - "*"
      Access-Control-Max-Age:
      - '1728000'
      Cf-Space-Id:
      - v2umtz8ths9v
      Content-Type:
      - application/vnd.contentful.management.v1+json
      Date:
      - Fri, 05 Sep 2014 12:13:02 GMT
      Etag:
      - '"0cc3874f0339c375299e0d87dbf59569"'
      Server:
      - nginx
      X-Powered-By:
      - Express
      Content-Length:
      - '1275'
      Connection:
      - keep-alive
    body:
      encoding: UTF-8
      string: |
        {
          "fields": {
            "title": {
              "en-US": "Sports"
            },
            "author": {
              "en-US": "P. Protas"
            },
            "body": {
              "en-US": "body update"
            },
            "title_image": {
              "en-US": {
                "sys": {
                  "type": "Link",
                  "linkType": "Asset",
                  "id": "4teeyoy7SUMgmGaiG0YiYW"
                }
              }
            },
            "second_image": {
              "en-US": {
                "sys": {
                  "type": "Link",
                  "linkType": "Asset",
                  "id": "2clOr9mxFGUIoOm0i6UeiA"
                }
              }
            },
            "category": {}
          },
          "sys": {
            "id": "4Pd4NpuW1q4GI4qWacamIO",
            "type": "Entry",
            "createdAt": "2014-09-05T11:44:18.737Z",
            "createdBy": {
              "sys": {
                "type": "Link",
                "linkType": "User",
                "id": "1E7acJL8I5XUXAMHQt9Grs"
              }
            },
            "space": {
              "sys": {
                "type": "Link",
                "linkType": "Space",
                "id": "v2umtz8ths9v"
              }
            },
            "contentType": {
              "sys": {
                "type": "Link",
                "linkType": "ContentType",
                "id": "post_content_type"
              }
            },
            "version": 2,
            "updatedAt": "2014-09-05T12:13:02.446Z",
            "updatedBy": {
              "sys": {
                "type": "Link",
                "linkType": "User",
                "id": "1E7acJL8I5XUXAMHQt9Grs"
              }
            }
          }
        }
    http_version: 
  recorded_at: Fri, 05 Sep 2014 12:13:34 GMT
recorded_with: VCR 2.9.2
